<?xml version="1.0"?>
<link_info>
   <banner>MSP430 Linker PC v4.3.1</banner>
   <copyright>Copyright (c) 2003-2014 Texas Instruments Incorporated</copyright>
   <link_time>0x58ffca78</link_time>
   <link_errors>0x0</link_errors>
   <output_file>Board_EMG_IMU_v011016.out</output_file>
   <entry_point>
      <name>_c_int00</name>
      <address>0x4618</address>
   </entry_point>
   <input_file_list>
      <input_file id="fl-2">
         <path>.\driverlib\MSP430F5xx_6xx\deprecated\</path>
         <kind>object</kind>
         <file>ucs.obj</file>
         <name>ucs.obj</name>
      </input_file>
      <input_file id="fl-3">
         <path>.\driverlib\MSP430F5xx_6xx\deprecated\</path>
         <kind>object</kind>
         <file>sys.obj</file>
         <name>sys.obj</name>
      </input_file>
      <input_file id="fl-4">
         <path>.\driverlib\MSP430F5xx_6xx\deprecated\</path>
         <kind>object</kind>
         <file>sfr.obj</file>
         <name>sfr.obj</name>
      </input_file>
      <input_file id="fl-5">
         <path>.\driverlib\MSP430F5xx_6xx\deprecated\</path>
         <kind>object</kind>
         <file>ram.obj</file>
         <name>ram.obj</name>
      </input_file>
      <input_file id="fl-6">
         <path>.\driverlib\MSP430F5xx_6xx\deprecated\</path>
         <kind>object</kind>
         <file>pmm.obj</file>
         <name>pmm.obj</name>
      </input_file>
      <input_file id="fl-7">
         <path>.\driverlib\MSP430F5xx_6xx\deprecated\</path>
         <kind>object</kind>
         <file>mpy32.obj</file>
         <name>mpy32.obj</name>
      </input_file>
      <input_file id="fl-8">
         <path>.\driverlib\MSP430F5xx_6xx\deprecated\</path>
         <kind>object</kind>
         <file>flash.obj</file>
         <name>flash.obj</name>
      </input_file>
      <input_file id="fl-9">
         <path>.\driverlib\MSP430F5xx_6xx\deprecated\</path>
         <kind>object</kind>
         <file>dma.obj</file>
         <name>dma.obj</name>
      </input_file>
      <input_file id="fl-a">
         <path>.\driverlib\MSP430F5xx_6xx\</path>
         <kind>object</kind>
         <file>wdt_a.obj</file>
         <name>wdt_a.obj</name>
      </input_file>
      <input_file id="fl-b">
         <path>.\driverlib\MSP430F5xx_6xx\</path>
         <kind>object</kind>
         <file>usci_uart.obj</file>
         <name>usci_uart.obj</name>
      </input_file>
      <input_file id="fl-c">
         <path>.\driverlib\MSP430F5xx_6xx\</path>
         <kind>object</kind>
         <file>usci_spi.obj</file>
         <name>usci_spi.obj</name>
      </input_file>
      <input_file id="fl-d">
         <path>.\driverlib\MSP430F5xx_6xx\</path>
         <kind>object</kind>
         <file>usci_i2c.obj</file>
         <name>usci_i2c.obj</name>
      </input_file>
      <input_file id="fl-e">
         <path>.\driverlib\MSP430F5xx_6xx\</path>
         <kind>object</kind>
         <file>usci_b_spi.obj</file>
         <name>usci_b_spi.obj</name>
      </input_file>
      <input_file id="fl-f">
         <path>.\driverlib\MSP430F5xx_6xx\</path>
         <kind>object</kind>
         <file>usci_b_i2c.obj</file>
         <name>usci_b_i2c.obj</name>
      </input_file>
      <input_file id="fl-10">
         <path>.\driverlib\MSP430F5xx_6xx\</path>
         <kind>object</kind>
         <file>usci_a_uart.obj</file>
         <name>usci_a_uart.obj</name>
      </input_file>
      <input_file id="fl-11">
         <path>.\driverlib\MSP430F5xx_6xx\</path>
         <kind>object</kind>
         <file>usci_a_spi.obj</file>
         <name>usci_a_spi.obj</name>
      </input_file>
      <input_file id="fl-12">
         <path>.\driverlib\MSP430F5xx_6xx\</path>
         <kind>object</kind>
         <file>ucs.obj</file>
         <name>ucs.obj</name>
      </input_file>
      <input_file id="fl-13">
         <path>.\driverlib\MSP430F5xx_6xx\</path>
         <kind>object</kind>
         <file>tlv.obj</file>
         <name>tlv.obj</name>
      </input_file>
      <input_file id="fl-14">
         <path>.\driverlib\MSP430F5xx_6xx\</path>
         <kind>object</kind>
         <file>timer_d.obj</file>
         <name>timer_d.obj</name>
      </input_file>
      <input_file id="fl-15">
         <path>.\driverlib\MSP430F5xx_6xx\</path>
         <kind>object</kind>
         <file>timer_b.obj</file>
         <name>timer_b.obj</name>
      </input_file>
      <input_file id="fl-16">
         <path>.\driverlib\MSP430F5xx_6xx\</path>
         <kind>object</kind>
         <file>timer_a.obj</file>
         <name>timer_a.obj</name>
      </input_file>
      <input_file id="fl-17">
         <path>.\driverlib\MSP430F5xx_6xx\</path>
         <kind>object</kind>
         <file>tec.obj</file>
         <name>tec.obj</name>
      </input_file>
      <input_file id="fl-18">
         <path>.\driverlib\MSP430F5xx_6xx\</path>
         <kind>object</kind>
         <file>sys.obj</file>
         <name>sys.obj</name>
      </input_file>
      <input_file id="fl-19">
         <path>.\driverlib\MSP430F5xx_6xx\</path>
         <kind>object</kind>
         <file>sfr.obj</file>
         <name>sfr.obj</name>
      </input_file>
      <input_file id="fl-1a">
         <path>.\driverlib\MSP430F5xx_6xx\</path>
         <kind>object</kind>
         <file>sd24_b.obj</file>
         <name>sd24_b.obj</name>
      </input_file>
      <input_file id="fl-1b">
         <path>.\driverlib\MSP430F5xx_6xx\</path>
         <kind>object</kind>
         <file>rtc_c.obj</file>
         <name>rtc_c.obj</name>
      </input_file>
      <input_file id="fl-1c">
         <path>.\driverlib\MSP430F5xx_6xx\</path>
         <kind>object</kind>
         <file>rtc_b.obj</file>
         <name>rtc_b.obj</name>
      </input_file>
      <input_file id="fl-1d">
         <path>.\driverlib\MSP430F5xx_6xx\</path>
         <kind>object</kind>
         <file>rtc_a.obj</file>
         <name>rtc_a.obj</name>
      </input_file>
      <input_file id="fl-1e">
         <path>.\driverlib\MSP430F5xx_6xx\</path>
         <kind>object</kind>
         <file>ref.obj</file>
         <name>ref.obj</name>
      </input_file>
      <input_file id="fl-1f">
         <path>.\driverlib\MSP430F5xx_6xx\</path>
         <kind>object</kind>
         <file>ram.obj</file>
         <name>ram.obj</name>
      </input_file>
      <input_file id="fl-20">
         <path>.\driverlib\MSP430F5xx_6xx\</path>
         <kind>object</kind>
         <file>pmm.obj</file>
         <name>pmm.obj</name>
      </input_file>
      <input_file id="fl-21">
         <path>.\driverlib\MSP430F5xx_6xx\</path>
         <kind>object</kind>
         <file>pmap.obj</file>
         <name>pmap.obj</name>
      </input_file>
      <input_file id="fl-22">
         <path>.\driverlib\MSP430F5xx_6xx\</path>
         <kind>object</kind>
         <file>mpy32.obj</file>
         <name>mpy32.obj</name>
      </input_file>
      <input_file id="fl-23">
         <path>.\driverlib\MSP430F5xx_6xx\</path>
         <kind>object</kind>
         <file>ldopwr.obj</file>
         <name>ldopwr.obj</name>
      </input_file>
      <input_file id="fl-24">
         <path>.\driverlib\MSP430F5xx_6xx\</path>
         <kind>object</kind>
         <file>gpio.obj</file>
         <name>gpio.obj</name>
      </input_file>
      <input_file id="fl-25">
         <path>.\driverlib\MSP430F5xx_6xx\</path>
         <kind>object</kind>
         <file>flash.obj</file>
         <name>flash.obj</name>
      </input_file>
      <input_file id="fl-26">
         <path>.\driverlib\MSP430F5xx_6xx\</path>
         <kind>object</kind>
         <file>eusci_uart.obj</file>
         <name>eusci_uart.obj</name>
      </input_file>
      <input_file id="fl-27">
         <path>.\driverlib\MSP430F5xx_6xx\</path>
         <kind>object</kind>
         <file>eusci_spi.obj</file>
         <name>eusci_spi.obj</name>
      </input_file>
      <input_file id="fl-28">
         <path>.\driverlib\MSP430F5xx_6xx\</path>
         <kind>object</kind>
         <file>eusci_i2c.obj</file>
         <name>eusci_i2c.obj</name>
      </input_file>
      <input_file id="fl-29">
         <path>.\driverlib\MSP430F5xx_6xx\</path>
         <kind>object</kind>
         <file>eusci_b_spi.obj</file>
         <name>eusci_b_spi.obj</name>
      </input_file>
      <input_file id="fl-2a">
         <path>.\driverlib\MSP430F5xx_6xx\</path>
         <kind>object</kind>
         <file>eusci_b_i2c.obj</file>
         <name>eusci_b_i2c.obj</name>
      </input_file>
      <input_file id="fl-2b">
         <path>.\driverlib\MSP430F5xx_6xx\</path>
         <kind>object</kind>
         <file>eusci_a_uart.obj</file>
         <name>eusci_a_uart.obj</name>
      </input_file>
      <input_file id="fl-2c">
         <path>.\driverlib\MSP430F5xx_6xx\</path>
         <kind>object</kind>
         <file>eusci_a_spi.obj</file>
         <name>eusci_a_spi.obj</name>
      </input_file>
      <input_file id="fl-2d">
         <path>.\driverlib\MSP430F5xx_6xx\</path>
         <kind>object</kind>
         <file>dma.obj</file>
         <name>dma.obj</name>
      </input_file>
      <input_file id="fl-2e">
         <path>.\driverlib\MSP430F5xx_6xx\</path>
         <kind>object</kind>
         <file>dac12_a.obj</file>
         <name>dac12_a.obj</name>
      </input_file>
      <input_file id="fl-2f">
         <path>.\driverlib\MSP430F5xx_6xx\</path>
         <kind>object</kind>
         <file>crc.obj</file>
         <name>crc.obj</name>
      </input_file>
      <input_file id="fl-30">
         <path>.\driverlib\MSP430F5xx_6xx\</path>
         <kind>object</kind>
         <file>comp_b.obj</file>
         <name>comp_b.obj</name>
      </input_file>
      <input_file id="fl-31">
         <path>.\driverlib\MSP430F5xx_6xx\</path>
         <kind>object</kind>
         <file>bak_batt.obj</file>
         <name>bak_batt.obj</name>
      </input_file>
      <input_file id="fl-32">
         <path>.\driverlib\MSP430F5xx_6xx\</path>
         <kind>object</kind>
         <file>aes.obj</file>
         <name>aes.obj</name>
      </input_file>
      <input_file id="fl-33">
         <path>.\driverlib\MSP430F5xx_6xx\</path>
         <kind>object</kind>
         <file>adc12_a.obj</file>
         <name>adc12_a.obj</name>
      </input_file>
      <input_file id="fl-34">
         <path>.\driverlib\MSP430F5xx_6xx\</path>
         <kind>object</kind>
         <file>adc10_a.obj</file>
         <name>adc10_a.obj</name>
      </input_file>
      <input_file id="fl-35">
         <path>.\</path>
         <kind>object</kind>
         <file>process_IMU.obj</file>
         <name>process_IMU.obj</name>
      </input_file>
      <input_file id="fl-36">
         <path>.\</path>
         <kind>object</kind>
         <file>nRF_config.obj</file>
         <name>nRF_config.obj</name>
      </input_file>
      <input_file id="fl-37">
         <path>.\</path>
         <kind>object</kind>
         <file>nRF.obj</file>
         <name>nRF.obj</name>
      </input_file>
      <input_file id="fl-38">
         <path>.\</path>
         <kind>object</kind>
         <file>main.obj</file>
         <name>main.obj</name>
      </input_file>
      <input_file id="fl-39">
         <path>.\</path>
         <kind>object</kind>
         <file>capteur_intertiel.obj</file>
         <name>capteur_intertiel.obj</name>
      </input_file>
      <input_file id="fl-3a">
         <path>.\</path>
         <kind>object</kind>
         <file>Config.obj</file>
         <name>Config.obj</name>
      </input_file>
      <input_file id="fl-3b">
         <path>.\</path>
         <kind>object</kind>
         <file>CommUART.obj</file>
         <name>CommUART.obj</name>
      </input_file>
      <input_file id="fl-3c">
         <path>.\</path>
         <kind>object</kind>
         <file>AFE_ADS1291.obj</file>
         <name>AFE_ADS1291.obj</name>
      </input_file>
      <input_file id="fl-6b">
         <path>C:\programs\ti\ccsv6\tools\compiler\msp430_4.3.1\lib\</path>
         <kind>archive</kind>
         <file>rts430x_lc_sd_eabi.lib</file>
         <name>addd.obj</name>
      </input_file>
      <input_file id="fl-6c">
         <path>C:\programs\ti\ccsv6\tools\compiler\msp430_4.3.1\lib\</path>
         <kind>archive</kind>
         <file>rts430x_lc_sd_eabi.lib</file>
         <name>atan2.obj</name>
      </input_file>
      <input_file id="fl-6d">
         <path>C:\programs\ti\ccsv6\tools\compiler\msp430_4.3.1\lib\</path>
         <kind>archive</kind>
         <file>rts430x_lc_sd_eabi.lib</file>
         <name>boot.obj</name>
      </input_file>
      <input_file id="fl-6e">
         <path>C:\programs\ti\ccsv6\tools\compiler\msp430_4.3.1\lib\</path>
         <kind>archive</kind>
         <file>rts430x_lc_sd_eabi.lib</file>
         <name>cmpd.obj</name>
      </input_file>
      <input_file id="fl-6f">
         <path>C:\programs\ti\ccsv6\tools\compiler\msp430_4.3.1\lib\</path>
         <kind>archive</kind>
         <file>rts430x_lc_sd_eabi.lib</file>
         <name>copy_decompress_none.obj</name>
      </input_file>
      <input_file id="fl-70">
         <path>C:\programs\ti\ccsv6\tools\compiler\msp430_4.3.1\lib\</path>
         <kind>archive</kind>
         <file>rts430x_lc_sd_eabi.lib</file>
         <name>copy_decompress_rle.obj</name>
      </input_file>
      <input_file id="fl-71">
         <path>C:\programs\ti\ccsv6\tools\compiler\msp430_4.3.1\lib\</path>
         <kind>archive</kind>
         <file>rts430x_lc_sd_eabi.lib</file>
         <name>copy_zero_init.obj</name>
      </input_file>
      <input_file id="fl-72">
         <path>C:\programs\ti\ccsv6\tools\compiler\msp430_4.3.1\lib\</path>
         <kind>archive</kind>
         <file>rts430x_lc_sd_eabi.lib</file>
         <name>cpy_util.obj</name>
      </input_file>
      <input_file id="fl-73">
         <path>C:\programs\ti\ccsv6\tools\compiler\msp430_4.3.1\lib\</path>
         <kind>archive</kind>
         <file>rts430x_lc_sd_eabi.lib</file>
         <name>cvtdf.obj</name>
      </input_file>
      <input_file id="fl-74">
         <path>C:\programs\ti\ccsv6\tools\compiler\msp430_4.3.1\lib\</path>
         <kind>archive</kind>
         <file>rts430x_lc_sd_eabi.lib</file>
         <name>cvtfd.obj</name>
      </input_file>
      <input_file id="fl-75">
         <path>C:\programs\ti\ccsv6\tools\compiler\msp430_4.3.1\lib\</path>
         <kind>archive</kind>
         <file>rts430x_lc_sd_eabi.lib</file>
         <name>div16s.obj</name>
      </input_file>
      <input_file id="fl-76">
         <path>C:\programs\ti\ccsv6\tools\compiler\msp430_4.3.1\lib\</path>
         <kind>archive</kind>
         <file>rts430x_lc_sd_eabi.lib</file>
         <name>div16u.obj</name>
      </input_file>
      <input_file id="fl-77">
         <path>C:\programs\ti\ccsv6\tools\compiler\msp430_4.3.1\lib\</path>
         <kind>archive</kind>
         <file>rts430x_lc_sd_eabi.lib</file>
         <name>div32s.obj</name>
      </input_file>
      <input_file id="fl-78">
         <path>C:\programs\ti\ccsv6\tools\compiler\msp430_4.3.1\lib\</path>
         <kind>archive</kind>
         <file>rts430x_lc_sd_eabi.lib</file>
         <name>div32u.obj</name>
      </input_file>
      <input_file id="fl-79">
         <path>C:\programs\ti\ccsv6\tools\compiler\msp430_4.3.1\lib\</path>
         <kind>archive</kind>
         <file>rts430x_lc_sd_eabi.lib</file>
         <name>divd.obj</name>
      </input_file>
      <input_file id="fl-7a">
         <path>C:\programs\ti\ccsv6\tools\compiler\msp430_4.3.1\lib\</path>
         <kind>archive</kind>
         <file>rts430x_lc_sd_eabi.lib</file>
         <name>exit.obj</name>
      </input_file>
      <input_file id="fl-7b">
         <path>C:\programs\ti\ccsv6\tools\compiler\msp430_4.3.1\lib\</path>
         <kind>archive</kind>
         <file>rts430x_lc_sd_eabi.lib</file>
         <name>fixdi.obj</name>
      </input_file>
      <input_file id="fl-7c">
         <path>C:\programs\ti\ccsv6\tools\compiler\msp430_4.3.1\lib\</path>
         <kind>archive</kind>
         <file>rts430x_lc_sd_eabi.lib</file>
         <name>fixdli.obj</name>
      </input_file>
      <input_file id="fl-7d">
         <path>C:\programs\ti\ccsv6\tools\compiler\msp430_4.3.1\lib\</path>
         <kind>archive</kind>
         <file>rts430x_lc_sd_eabi.lib</file>
         <name>fltid.obj</name>
      </input_file>
      <input_file id="fl-7e">
         <path>C:\programs\ti\ccsv6\tools\compiler\msp430_4.3.1\lib\</path>
         <kind>archive</kind>
         <file>rts430x_lc_sd_eabi.lib</file>
         <name>fltlid.obj</name>
      </input_file>
      <input_file id="fl-7f">
         <path>C:\programs\ti\ccsv6\tools\compiler\msp430_4.3.1\lib\</path>
         <kind>archive</kind>
         <file>rts430x_lc_sd_eabi.lib</file>
         <name>frcaddd.obj</name>
      </input_file>
      <input_file id="fl-80">
         <path>C:\programs\ti\ccsv6\tools\compiler\msp430_4.3.1\lib\</path>
         <kind>archive</kind>
         <file>rts430x_lc_sd_eabi.lib</file>
         <name>frcdivd.obj</name>
      </input_file>
      <input_file id="fl-81">
         <path>C:\programs\ti\ccsv6\tools\compiler\msp430_4.3.1\lib\</path>
         <kind>archive</kind>
         <file>rts430x_lc_sd_eabi.lib</file>
         <name>fs_add.obj</name>
      </input_file>
      <input_file id="fl-82">
         <path>C:\programs\ti\ccsv6\tools\compiler\msp430_4.3.1\lib\</path>
         <kind>archive</kind>
         <file>rts430x_lc_sd_eabi.lib</file>
         <name>fs_div.obj</name>
      </input_file>
      <input_file id="fl-83">
         <path>C:\programs\ti\ccsv6\tools\compiler\msp430_4.3.1\lib\</path>
         <kind>archive</kind>
         <file>rts430x_lc_sd_eabi.lib</file>
         <name>fs_itof.obj</name>
      </input_file>
      <input_file id="fl-84">
         <path>C:\programs\ti\ccsv6\tools\compiler\msp430_4.3.1\lib\</path>
         <kind>archive</kind>
         <file>rts430x_lc_sd_eabi.lib</file>
         <name>fs_mpy.obj</name>
      </input_file>
      <input_file id="fl-85">
         <path>C:\programs\ti\ccsv6\tools\compiler\msp430_4.3.1\lib\</path>
         <kind>archive</kind>
         <file>rts430x_lc_sd_eabi.lib</file>
         <name>fs_toi.obj</name>
      </input_file>
      <input_file id="fl-86">
         <path>C:\programs\ti\ccsv6\tools\compiler\msp430_4.3.1\lib\</path>
         <kind>archive</kind>
         <file>rts430x_lc_sd_eabi.lib</file>
         <name>int41.obj</name>
      </input_file>
      <input_file id="fl-87">
         <path>C:\programs\ti\ccsv6\tools\compiler\msp430_4.3.1\lib\</path>
         <kind>archive</kind>
         <file>rts430x_lc_sd_eabi.lib</file>
         <name>int43.obj</name>
      </input_file>
      <input_file id="fl-88">
         <path>C:\programs\ti\ccsv6\tools\compiler\msp430_4.3.1\lib\</path>
         <kind>archive</kind>
         <file>rts430x_lc_sd_eabi.lib</file>
         <name>int44.obj</name>
      </input_file>
      <input_file id="fl-89">
         <path>C:\programs\ti\ccsv6\tools\compiler\msp430_4.3.1\lib\</path>
         <kind>archive</kind>
         <file>rts430x_lc_sd_eabi.lib</file>
         <name>int45.obj</name>
      </input_file>
      <input_file id="fl-8a">
         <path>C:\programs\ti\ccsv6\tools\compiler\msp430_4.3.1\lib\</path>
         <kind>archive</kind>
         <file>rts430x_lc_sd_eabi.lib</file>
         <name>int46.obj</name>
      </input_file>
      <input_file id="fl-8b">
         <path>C:\programs\ti\ccsv6\tools\compiler\msp430_4.3.1\lib\</path>
         <kind>archive</kind>
         <file>rts430x_lc_sd_eabi.lib</file>
         <name>int48.obj</name>
      </input_file>
      <input_file id="fl-8c">
         <path>C:\programs\ti\ccsv6\tools\compiler\msp430_4.3.1\lib\</path>
         <kind>archive</kind>
         <file>rts430x_lc_sd_eabi.lib</file>
         <name>int49.obj</name>
      </input_file>
      <input_file id="fl-8d">
         <path>C:\programs\ti\ccsv6\tools\compiler\msp430_4.3.1\lib\</path>
         <kind>archive</kind>
         <file>rts430x_lc_sd_eabi.lib</file>
         <name>int50.obj</name>
      </input_file>
      <input_file id="fl-8e">
         <path>C:\programs\ti\ccsv6\tools\compiler\msp430_4.3.1\lib\</path>
         <kind>archive</kind>
         <file>rts430x_lc_sd_eabi.lib</file>
         <name>int51.obj</name>
      </input_file>
      <input_file id="fl-8f">
         <path>C:\programs\ti\ccsv6\tools\compiler\msp430_4.3.1\lib\</path>
         <kind>archive</kind>
         <file>rts430x_lc_sd_eabi.lib</file>
         <name>int52.obj</name>
      </input_file>
      <input_file id="fl-90">
         <path>C:\programs\ti\ccsv6\tools\compiler\msp430_4.3.1\lib\</path>
         <kind>archive</kind>
         <file>rts430x_lc_sd_eabi.lib</file>
         <name>int54.obj</name>
      </input_file>
      <input_file id="fl-91">
         <path>C:\programs\ti\ccsv6\tools\compiler\msp430_4.3.1\lib\</path>
         <kind>archive</kind>
         <file>rts430x_lc_sd_eabi.lib</file>
         <name>int55.obj</name>
      </input_file>
      <input_file id="fl-92">
         <path>C:\programs\ti\ccsv6\tools\compiler\msp430_4.3.1\lib\</path>
         <kind>archive</kind>
         <file>rts430x_lc_sd_eabi.lib</file>
         <name>int56.obj</name>
      </input_file>
      <input_file id="fl-93">
         <path>C:\programs\ti\ccsv6\tools\compiler\msp430_4.3.1\lib\</path>
         <kind>archive</kind>
         <file>rts430x_lc_sd_eabi.lib</file>
         <name>int57.obj</name>
      </input_file>
      <input_file id="fl-94">
         <path>C:\programs\ti\ccsv6\tools\compiler\msp430_4.3.1\lib\</path>
         <kind>archive</kind>
         <file>rts430x_lc_sd_eabi.lib</file>
         <name>int58.obj</name>
      </input_file>
      <input_file id="fl-95">
         <path>C:\programs\ti\ccsv6\tools\compiler\msp430_4.3.1\lib\</path>
         <kind>archive</kind>
         <file>rts430x_lc_sd_eabi.lib</file>
         <name>int59.obj</name>
      </input_file>
      <input_file id="fl-96">
         <path>C:\programs\ti\ccsv6\tools\compiler\msp430_4.3.1\lib\</path>
         <kind>archive</kind>
         <file>rts430x_lc_sd_eabi.lib</file>
         <name>int60.obj</name>
      </input_file>
      <input_file id="fl-97">
         <path>C:\programs\ti\ccsv6\tools\compiler\msp430_4.3.1\lib\</path>
         <kind>archive</kind>
         <file>rts430x_lc_sd_eabi.lib</file>
         <name>int61.obj</name>
      </input_file>
      <input_file id="fl-98">
         <path>C:\programs\ti\ccsv6\tools\compiler\msp430_4.3.1\lib\</path>
         <kind>archive</kind>
         <file>rts430x_lc_sd_eabi.lib</file>
         <name>int62.obj</name>
      </input_file>
      <input_file id="fl-99">
         <path>C:\programs\ti\ccsv6\tools\compiler\msp430_4.3.1\lib\</path>
         <kind>archive</kind>
         <file>rts430x_lc_sd_eabi.lib</file>
         <name>isr_trap.obj</name>
      </input_file>
      <input_file id="fl-9a">
         <path>C:\programs\ti\ccsv6\tools\compiler\msp430_4.3.1\lib\</path>
         <kind>archive</kind>
         <file>rts430x_lc_sd_eabi.lib</file>
         <name>lsl16.obj</name>
      </input_file>
      <input_file id="fl-9b">
         <path>C:\programs\ti\ccsv6\tools\compiler\msp430_4.3.1\lib\</path>
         <kind>archive</kind>
         <file>rts430x_lc_sd_eabi.lib</file>
         <name>lsl32.obj</name>
      </input_file>
      <input_file id="fl-9c">
         <path>C:\programs\ti\ccsv6\tools\compiler\msp430_4.3.1\lib\</path>
         <kind>archive</kind>
         <file>rts430x_lc_sd_eabi.lib</file>
         <name>lsr32.obj</name>
      </input_file>
      <input_file id="fl-9d">
         <path>C:\programs\ti\ccsv6\tools\compiler\msp430_4.3.1\lib\</path>
         <kind>archive</kind>
         <file>rts430x_lc_sd_eabi.lib</file>
         <name>mpu_init.obj</name>
      </input_file>
      <input_file id="fl-9e">
         <path>C:\programs\ti\ccsv6\tools\compiler\msp430_4.3.1\lib\</path>
         <kind>archive</kind>
         <file>rts430x_lc_sd_eabi.lib</file>
         <name>mpyd.obj</name>
      </input_file>
      <input_file id="fl-9f">
         <path>C:\programs\ti\ccsv6\tools\compiler\msp430_4.3.1\lib\</path>
         <kind>archive</kind>
         <file>rts430x_lc_sd_eabi.lib</file>
         <name>mult16_f5hw.obj</name>
      </input_file>
      <input_file id="fl-a0">
         <path>C:\programs\ti\ccsv6\tools\compiler\msp430_4.3.1\lib\</path>
         <kind>archive</kind>
         <file>rts430x_lc_sd_eabi.lib</file>
         <name>mult32_f5hw.obj</name>
      </input_file>
      <input_file id="fl-a1">
         <path>C:\programs\ti\ccsv6\tools\compiler\msp430_4.3.1\lib\</path>
         <kind>archive</kind>
         <file>rts430x_lc_sd_eabi.lib</file>
         <name>negd.obj</name>
      </input_file>
      <input_file id="fl-a2">
         <path>C:\programs\ti\ccsv6\tools\compiler\msp430_4.3.1\lib\</path>
         <kind>archive</kind>
         <file>rts430x_lc_sd_eabi.lib</file>
         <name>pre_init.obj</name>
      </input_file>
      <input_file id="fl-a3">
         <path>C:\programs\ti\ccsv6\tools\compiler\msp430_4.3.1\lib\</path>
         <kind>archive</kind>
         <file>rts430x_lc_sd_eabi.lib</file>
         <name>renormd.obj</name>
      </input_file>
      <input_file id="fl-a4">
         <path>C:\programs\ti\ccsv6\tools\compiler\msp430_4.3.1\lib\</path>
         <kind>archive</kind>
         <file>rts430x_lc_sd_eabi.lib</file>
         <name>subd.obj</name>
      </input_file>
      <input_file id="fl-a5">
         <path>C:\programs\ti\ccsv6\tools\compiler\msp430_4.3.1\lib\</path>
         <kind>archive</kind>
         <file>rts430x_lc_sd_eabi.lib</file>
         <name>xatan.obj</name>
      </input_file>
      <input_file id="fl-a6">
         <path>C:\programs\ti\ccsv6\tools\compiler\msp430_4.3.1\lib\</path>
         <kind>archive</kind>
         <file>rts430x_lc_sd_eabi.lib</file>
         <name>xvalues.obj</name>
      </input_file>
      <input_file id="fl-a7">
         <path>C:\programs\ti\ccsv6\tools\compiler\msp430_4.3.1\lib\</path>
         <kind>archive</kind>
         <file>rts430x_lc_sd_eabi.lib</file>
         <name>_lock.obj</name>
      </input_file>
      <input_file id="fl-a8">
         <path>C:\programs\ti\ccsv6\tools\compiler\msp430_4.3.1\lib\</path>
         <kind>archive</kind>
         <file>rts430x_lc_sd_eabi.lib</file>
         <name>args_main.obj</name>
      </input_file>
      <input_file id="fl-a9">
         <path>C:\programs\ti\ccsv6\tools\compiler\msp430_4.3.1\lib\</path>
         <kind>archive</kind>
         <file>rts430x_lc_sd_eabi.lib</file>
         <name>asr32.obj</name>
      </input_file>
      <input_file id="fl-aa">
         <path>C:\programs\ti\ccsv6\tools\compiler\msp430_4.3.1\lib\</path>
         <kind>archive</kind>
         <file>rts430x_lc_sd_eabi.lib</file>
         <name>autoinit.obj</name>
      </input_file>
      <input_file id="fl-ab">
         <path>C:\programs\ti\ccsv6\tools\compiler\msp430_4.3.1\lib\</path>
         <kind>archive</kind>
         <file>rts430x_lc_sd_eabi.lib</file>
         <name>frcmpyd.obj</name>
      </input_file>
   </input_file_list>
   <object_component_list>
      <object_component id="oc-93">
         <name>.stack</name>
         <uninitialized>true</uninitialized>
         <run_address>0x4360</run_address>
         <size>0x2</size>
         <input_file_ref idref="fl-6d"/>
      </object_component>
      <object_component id="oc-30a">
         <name>.stack</name>
         <uninitialized>true</uninitialized>
         <run_address>0x4360</run_address>
         <size>0x0</size>
      </object_component>
      <object_component id="oc-211">
         <name>.text:__TI_frcdivd</name>
         <load_address>0x10000</load_address>
         <run_address>0x10000</run_address>
         <size>0x456</size>
         <input_file_ref idref="fl-80"/>
      </object_component>
      <object_component id="oc-16d">
         <name>.text:__mspabi_divd</name>
         <load_address>0x10456</load_address>
         <run_address>0x10456</run_address>
         <size>0x220</size>
         <input_file_ref idref="fl-79"/>
      </object_component>
      <object_component id="oc-ae">
         <name>.text:main</name>
         <load_address>0x10676</load_address>
         <run_address>0x10676</run_address>
         <size>0x16e</size>
         <input_file_ref idref="fl-38"/>
      </object_component>
      <object_component id="oc-e6">
         <name>.text:config_AFE</name>
         <load_address>0x107e4</load_address>
         <run_address>0x107e4</run_address>
         <size>0x14e</size>
         <input_file_ref idref="fl-3c"/>
      </object_component>
      <object_component id="oc-134">
         <name>.text:nRF_node0_set</name>
         <load_address>0x10932</load_address>
         <run_address>0x10932</run_address>
         <size>0x114</size>
         <input_file_ref idref="fl-36"/>
      </object_component>
      <object_component id="oc-24b">
         <name>.text:UCS_initFLL</name>
         <load_address>0x10a46</load_address>
         <run_address>0x10a46</run_address>
         <size>0xe2</size>
         <input_file_ref idref="fl-12"/>
      </object_component>
      <object_component id="oc-23a">
         <name>.text:PMM_setVCoreUp</name>
         <load_address>0x10b28</load_address>
         <run_address>0x10b28</run_address>
         <size>0xe0</size>
         <input_file_ref idref="fl-20"/>
      </object_component>
      <object_component id="oc-d0">
         <name>.text:__TI_decompress_rle_core</name>
         <load_address>0x10c08</load_address>
         <run_address>0x10c08</run_address>
         <size>0xd8</size>
         <input_file_ref idref="fl-70"/>
      </object_component>
      <object_component id="oc-23f">
         <name>.text:PMM_setVCoreDown</name>
         <load_address>0x10ce0</load_address>
         <run_address>0x10ce0</run_address>
         <size>0xa2</size>
         <input_file_ref idref="fl-20"/>
      </object_component>
      <object_component id="oc-20a">
         <name>.text:__mspabi_fltlid</name>
         <load_address>0x10d82</load_address>
         <run_address>0x10d82</run_address>
         <size>0x94</size>
         <input_file_ref idref="fl-7e"/>
      </object_component>
      <object_component id="oc-1cf">
         <name>.text:UCS_clockSignalInit</name>
         <load_address>0x10e16</load_address>
         <run_address>0x10e16</run_address>
         <size>0x90</size>
         <input_file_ref idref="fl-12"/>
      </object_component>
      <object_component id="oc-109">
         <name>.text</name>
         <load_address>0x10ea6</load_address>
         <run_address>0x10ea6</run_address>
         <size>0x8e</size>
         <input_file_ref idref="fl-82"/>
      </object_component>
      <object_component id="oc-152">
         <name>.text:init_AFE</name>
         <load_address>0x10f34</load_address>
         <run_address>0x10f34</run_address>
         <size>0x8c</size>
         <input_file_ref idref="fl-3c"/>
      </object_component>
      <object_component id="oc-234">
         <name>.text:privateGPIOGetBaseAddress</name>
         <load_address>0x10fc0</load_address>
         <run_address>0x10fc0</run_address>
         <size>0x8c</size>
         <input_file_ref idref="fl-24"/>
      </object_component>
      <object_component id="oc-a9">
         <name>.text:_auto_init_hold_wdt</name>
         <load_address>0x1104c</load_address>
         <run_address>0x1104c</run_address>
         <size>0x84</size>
         <input_file_ref idref="fl-aa"/>
      </object_component>
      <object_component id="oc-1f3">
         <name>.text:GPIO_setAsInputPin</name>
         <load_address>0x110d0</load_address>
         <run_address>0x110d0</run_address>
         <size>0x7e</size>
         <input_file_ref idref="fl-24"/>
      </object_component>
      <object_component id="oc-148">
         <name>.text:startXM</name>
         <load_address>0x1114e</load_address>
         <run_address>0x1114e</run_address>
         <size>0x78</size>
         <input_file_ref idref="fl-39"/>
      </object_component>
      <object_component id="oc-1c4">
         <name>.text:GPIO_setAsOutputPin</name>
         <load_address>0x111c6</load_address>
         <run_address>0x111c6</run_address>
         <size>0x72</size>
         <input_file_ref idref="fl-24"/>
      </object_component>
      <object_component id="oc-1e1">
         <name>.text:GPIO_setOutputHighOnPin</name>
         <load_address>0x11238</load_address>
         <run_address>0x11238</run_address>
         <size>0x66</size>
         <input_file_ref idref="fl-24"/>
      </object_component>
      <object_component id="oc-1e8">
         <name>.text:GPIO_setOutputLowOnPin</name>
         <load_address>0x1129e</load_address>
         <run_address>0x1129e</run_address>
         <size>0x66</size>
         <input_file_ref idref="fl-24"/>
      </object_component>
      <object_component id="oc-21d">
         <name>.text:__mspabi_fixdli</name>
         <load_address>0x11304</load_address>
         <run_address>0x11304</run_address>
         <size>0x66</size>
         <input_file_ref idref="fl-7c"/>
      </object_component>
      <object_component id="oc-1ed">
         <name>.text:Send_by_SPIB0</name>
         <load_address>0x1136a</load_address>
         <run_address>0x1136a</run_address>
         <size>0x5a</size>
         <input_file_ref idref="fl-39"/>
      </object_component>
      <object_component id="oc-143">
         <name>.text:startG</name>
         <load_address>0x113c4</load_address>
         <run_address>0x113c4</run_address>
         <size>0x56</size>
         <input_file_ref idref="fl-39"/>
      </object_component>
      <object_component id="oc-f3">
         <name>.text:nRF_download_RX_payload</name>
         <load_address>0x1141a</load_address>
         <run_address>0x1141a</run_address>
         <size>0x54</size>
         <input_file_ref idref="fl-37"/>
      </object_component>
      <object_component id="oc-12f">
         <name>.text:init_SPI_nRF</name>
         <load_address>0x1146e</load_address>
         <run_address>0x1146e</run_address>
         <size>0x52</size>
         <input_file_ref idref="fl-3a"/>
      </object_component>
      <object_component id="oc-14d">
         <name>.text:write_IMU</name>
         <load_address>0x114c0</load_address>
         <run_address>0x114c0</run_address>
         <size>0x4a</size>
         <input_file_ref idref="fl-39"/>
      </object_component>
      <object_component id="oc-1b6">
         <name>.text:nRF_reg_write</name>
         <load_address>0x1150a</load_address>
         <run_address>0x1150a</run_address>
         <size>0x44</size>
         <input_file_ref idref="fl-37"/>
      </object_component>
      <object_component id="oc-1ca">
         <name>.text:PMM_setVCore</name>
         <load_address>0x1154e</load_address>
         <run_address>0x1154e</run_address>
         <size>0x40</size>
         <input_file_ref idref="fl-20"/>
      </object_component>
      <object_component id="oc-be">
         <name>.text:__memcpy_far</name>
         <load_address>0x1158e</load_address>
         <run_address>0x1158e</run_address>
         <size>0x40</size>
         <input_file_ref idref="fl-72"/>
      </object_component>
      <object_component id="oc-89">
         <name>.text:decompress:ZI:__TI_zero_init</name>
         <load_address>0x115ce</load_address>
         <run_address>0x115ce</run_address>
         <size>0x3e</size>
         <input_file_ref idref="fl-71"/>
      </object_component>
      <object_component id="oc-275">
         <name>.text:l_asr_const</name>
         <load_address>0x1160c</load_address>
         <run_address>0x1160c</run_address>
         <size>0x3e</size>
         <input_file_ref idref="fl-a9"/>
      </object_component>
      <object_component id="oc-265">
         <name>.text:l_lsl_const</name>
         <load_address>0x1164a</load_address>
         <run_address>0x1164a</run_address>
         <size>0x3e</size>
         <input_file_ref idref="fl-9b"/>
      </object_component>
      <object_component id="oc-269">
         <name>.text:l_lsr_const</name>
         <load_address>0x11688</load_address>
         <run_address>0x11688</run_address>
         <size>0x3e</size>
         <input_file_ref idref="fl-9c"/>
      </object_component>
      <object_component id="oc-17a">
         <name>.text:nRF_upload_TX_payload</name>
         <load_address>0x116c6</load_address>
         <run_address>0x116c6</run_address>
         <size>0x3e</size>
         <input_file_ref idref="fl-37"/>
      </object_component>
      <object_component id="oc-84">
         <name>.text:decompress:none:__TI_decompress_none</name>
         <load_address>0x11704</load_address>
         <run_address>0x11704</run_address>
         <size>0x3c</size>
         <input_file_ref idref="fl-6f"/>
      </object_component>
      <object_component id="oc-1fd">
         <name>.text:GPIO_interruptEdgeSelect</name>
         <load_address>0x11740</load_address>
         <run_address>0x11740</run_address>
         <size>0x3a</size>
         <input_file_ref idref="fl-24"/>
      </object_component>
      <object_component id="oc-125">
         <name>.text:init_Clock</name>
         <load_address>0x1177a</load_address>
         <run_address>0x1177a</run_address>
         <size>0x3a</size>
         <input_file_ref idref="fl-3a"/>
      </object_component>
      <object_component id="oc-10d">
         <name>.text:nRF_init</name>
         <load_address>0x117b4</load_address>
         <run_address>0x117b4</run_address>
         <size>0x3a</size>
         <input_file_ref idref="fl-37"/>
      </object_component>
      <object_component id="oc-ed">
         <name>.text:nRF_clear_IRQ</name>
         <load_address>0x117ee</load_address>
         <run_address>0x117ee</run_address>
         <size>0x38</size>
         <input_file_ref idref="fl-37"/>
      </object_component>
      <object_component id="oc-1d4">
         <name>.text:UCS_initFLLSettle</name>
         <load_address>0x11826</load_address>
         <run_address>0x11826</run_address>
         <size>0x36</size>
         <input_file_ref idref="fl-12"/>
      </object_component>
      <object_component id="oc-ff">
         <name>.text</name>
         <load_address>0x1185c</load_address>
         <run_address>0x1185c</run_address>
         <size>0x36</size>
         <input_file_ref idref="fl-83"/>
      </object_component>
      <object_component id="oc-202">
         <name>.text:GPIO_clearInterruptFlag</name>
         <load_address>0x11892</load_address>
         <run_address>0x11892</run_address>
         <size>0x32</size>
         <input_file_ref idref="fl-24"/>
      </object_component>
      <object_component id="oc-1f8">
         <name>.text:GPIO_enableInterrupt</name>
         <load_address>0x118c4</load_address>
         <run_address>0x118c4</run_address>
         <size>0x32</size>
         <input_file_ref idref="fl-24"/>
      </object_component>
      <object_component id="oc-13e">
         <name>.text:init_SPI_IMU</name>
         <load_address>0x118f6</load_address>
         <run_address>0x118f6</run_address>
         <size>0x30</size>
         <input_file_ref idref="fl-39"/>
      </object_component>
      <object_component id="oc-157">
         <name>.text:set_AFE</name>
         <load_address>0x11926</load_address>
         <run_address>0x11926</run_address>
         <size>0x2e</size>
         <input_file_ref idref="fl-3c"/>
      </object_component>
      <object_component id="oc-19e">
         <name>.text:AFE_reg_write</name>
         <load_address>0x11954</load_address>
         <run_address>0x11954</run_address>
         <size>0x28</size>
         <input_file_ref idref="fl-3c"/>
      </object_component>
      <object_component id="oc-172">
         <name>.text:__mspabi_fixdi</name>
         <load_address>0x1197c</load_address>
         <run_address>0x1197c</run_address>
         <size>0x28</size>
         <input_file_ref idref="fl-7b"/>
      </object_component>
      <object_component id="oc-12a">
         <name>.text:init_UCA1_UART</name>
         <load_address>0x119a4</load_address>
         <run_address>0x119a4</run_address>
         <size>0x28</size>
         <input_file_ref idref="fl-3a"/>
      </object_component>
      <object_component id="oc-1ab">
         <name>.text:nRF_FLUSH_RX</name>
         <load_address>0x119cc</load_address>
         <run_address>0x119cc</run_address>
         <size>0x26</size>
         <input_file_ref idref="fl-37"/>
      </object_component>
      <object_component id="oc-182">
         <name>.text:send_data_UART</name>
         <load_address>0x119f2</load_address>
         <run_address>0x119f2</run_address>
         <size>0x26</size>
         <input_file_ref idref="fl-3b"/>
      </object_component>
      <object_component id="oc-271">
         <name>.text</name>
         <load_address>0x11a18</load_address>
         <run_address>0x11a18</run_address>
         <size>0x22</size>
         <input_file_ref idref="fl-a0"/>
      </object_component>
      <object_component id="oc-139">
         <name>.text:nRF_enter_rx</name>
         <load_address>0x11a3a</load_address>
         <run_address>0x11a3a</run_address>
         <size>0x16</size>
         <input_file_ref idref="fl-36"/>
      </object_component>
      <object_component id="oc-112">
         <name>.text:nRF_enter_tx</name>
         <load_address>0x11a50</load_address>
         <run_address>0x11a50</run_address>
         <size>0x16</size>
         <input_file_ref idref="fl-36"/>
      </object_component>
      <object_component id="oc-279">
         <name>.text</name>
         <load_address>0x11a66</load_address>
         <run_address>0x11a66</run_address>
         <size>0x16</size>
         <input_file_ref idref="fl-9f"/>
      </object_component>
      <object_component id="oc-199">
         <name>.text:write_OPCODE</name>
         <load_address>0x11a7c</load_address>
         <run_address>0x11a7c</run_address>
         <size>0x14</size>
         <input_file_ref idref="fl-3c"/>
      </object_component>
      <object_component id="oc-281">
         <name>.text:l_lsr</name>
         <load_address>0x11a90</load_address>
         <run_address>0x11a90</run_address>
         <size>0x10</size>
         <input_file_ref idref="fl-9c"/>
      </object_component>
      <object_component id="oc-8e">
         <name>.text:decompress:rle24:__TI_decompress_rle24</name>
         <load_address>0x11aa0</load_address>
         <run_address>0x11aa0</run_address>
         <size>0xe</size>
         <input_file_ref idref="fl-70"/>
      </object_component>
      <object_component id="oc-168">
         <name>.text:__mspabi_fltid</name>
         <load_address>0x11aae</load_address>
         <run_address>0x11aae</run_address>
         <size>0xc</size>
         <input_file_ref idref="fl-7d"/>
      </object_component>
      <object_component id="oc-120">
         <name>.text:init_Config_IO</name>
         <load_address>0x11aba</load_address>
         <run_address>0x11aba</run_address>
         <size>0xc</size>
         <input_file_ref idref="fl-3a"/>
      </object_component>
      <object_component id="oc-256">
         <name>.text:USCI_B_SPI_getInterruptStatus</name>
         <load_address>0x11ac6</load_address>
         <run_address>0x11ac6</run_address>
         <size>0x8</size>
         <input_file_ref idref="fl-e"/>
      </object_component>
      <object_component id="oc-15c">
         <name>.text:init_TimerB0</name>
         <load_address>0x11ace</load_address>
         <run_address>0x11ace</run_address>
         <size>0x8</size>
         <input_file_ref idref="fl-3a"/>
      </object_component>
      <object_component id="oc-25b">
         <name>.text:USCI_B_SPI_transmitData</name>
         <load_address>0x11ad6</load_address>
         <run_address>0x11ad6</run_address>
         <size>0x6</size>
         <input_file_ref idref="fl-e"/>
      </object_component>
      <object_component id="oc-96">
         <name>.text:__TI_ISR_TRAP</name>
         <load_address>0x11adc</load_address>
         <run_address>0x11adc</run_address>
         <size>0x6</size>
         <input_file_ref idref="fl-99"/>
      </object_component>
      <object_component id="oc-a4">
         <name>.text:_system_pre_init</name>
         <load_address>0x11ae2</load_address>
         <run_address>0x11ae2</run_address>
         <size>0x4</size>
         <input_file_ref idref="fl-a2"/>
      </object_component>
      <object_component id="oc-b3">
         <name>.text:abort</name>
         <load_address>0x11ae6</load_address>
         <run_address>0x11ae6</run_address>
         <size>0x4</size>
         <input_file_ref idref="fl-7a"/>
      </object_component>
      <object_component id="oc-9a">
         <name>.text:_isr:Port_2</name>
         <load_address>0x4400</load_address>
         <run_address>0x4400</run_address>
         <size>0x154</size>
         <input_file_ref idref="fl-38"/>
      </object_component>
      <object_component id="oc-9f">
         <name>.text:_isr:Port_1</name>
         <load_address>0x4554</load_address>
         <run_address>0x4554</run_address>
         <size>0x82</size>
         <input_file_ref idref="fl-38"/>
      </object_component>
      <object_component id="oc-b9">
         <name>.text:_isr:Timer0_A0</name>
         <load_address>0x45d6</load_address>
         <run_address>0x45d6</run_address>
         <size>0x42</size>
         <input_file_ref idref="fl-38"/>
      </object_component>
      <object_component id="oc-72">
         <name>.text:_isr:_c_int00_noexit</name>
         <load_address>0x4618</load_address>
         <run_address>0x4618</run_address>
         <size>0x1a</size>
         <input_file_ref idref="fl-6d"/>
      </object_component>
      <object_component id="oc-309">
         <name>.cinit..data.load</name>
         <load_address>0x4636</load_address>
         <run_address>0x4636</run_address>
         <size>0x23</size>
      </object_component>
      <object_component id="oc-306">
         <name>__TI_handler_table</name>
         <load_address>0x465a</load_address>
         <run_address>0x465a</run_address>
         <size>0xc</size>
      </object_component>
      <object_component id="oc-308">
         <name>.cinit..bss.load</name>
         <load_address>0x4666</load_address>
         <run_address>0x4666</run_address>
         <size>0x6</size>
      </object_component>
      <object_component id="oc-307">
         <name>__TI_cinit_table</name>
         <load_address>0x466c</load_address>
         <run_address>0x466c</run_address>
         <size>0x10</size>
      </object_component>
      <object_component id="oc-1b4">
         <name>.const:.string:$P$T0$1</name>
         <load_address>0x4632</load_address>
         <run_address>0x4632</run_address>
         <size>0x1</size>
         <input_file_ref idref="fl-36"/>
      </object_component>
      <object_component id="oc-1dd">
         <name>.const:.string:$P$T1$2</name>
         <load_address>0x4634</load_address>
         <run_address>0x4634</run_address>
         <size>0x1</size>
         <input_file_ref idref="fl-36"/>
      </object_component>
      <object_component id="oc-69">
         <name>.int41</name>
         <load_address>0xffd2</load_address>
         <run_address>0xffd2</run_address>
         <size>0x2</size>
         <input_file_ref idref="fl-86"/>
      </object_component>
      <object_component id="oc-6a">
         <name>.int42</name>
         <load_address>0xffd4</load_address>
         <run_address>0xffd4</run_address>
         <size>0x2</size>
         <input_file_ref idref="fl-38"/>
      </object_component>
      <object_component id="oc-6b">
         <name>.int43</name>
         <load_address>0xffd6</load_address>
         <run_address>0xffd6</run_address>
         <size>0x2</size>
         <input_file_ref idref="fl-87"/>
      </object_component>
      <object_component id="oc-6c">
         <name>.int44</name>
         <load_address>0xffd8</load_address>
         <run_address>0xffd8</run_address>
         <size>0x2</size>
         <input_file_ref idref="fl-88"/>
      </object_component>
      <object_component id="oc-6d">
         <name>.int45</name>
         <load_address>0xffda</load_address>
         <run_address>0xffda</run_address>
         <size>0x2</size>
         <input_file_ref idref="fl-89"/>
      </object_component>
      <object_component id="oc-6e">
         <name>.int46</name>
         <load_address>0xffdc</load_address>
         <run_address>0xffdc</run_address>
         <size>0x2</size>
         <input_file_ref idref="fl-8a"/>
      </object_component>
      <object_component id="oc-6f">
         <name>.int47</name>
         <load_address>0xffde</load_address>
         <run_address>0xffde</run_address>
         <size>0x2</size>
         <input_file_ref idref="fl-38"/>
      </object_component>
      <object_component id="oc-70">
         <name>.int48</name>
         <load_address>0xffe0</load_address>
         <run_address>0xffe0</run_address>
         <size>0x2</size>
         <input_file_ref idref="fl-8b"/>
      </object_component>
      <object_component id="oc-71">
         <name>.int49</name>
         <load_address>0xffe2</load_address>
         <run_address>0xffe2</run_address>
         <size>0x2</size>
         <input_file_ref idref="fl-8c"/>
      </object_component>
      <object_component id="oc-77">
         <name>.int50</name>
         <load_address>0xffe4</load_address>
         <run_address>0xffe4</run_address>
         <size>0x2</size>
         <input_file_ref idref="fl-8d"/>
      </object_component>
      <object_component id="oc-78">
         <name>.int51</name>
         <load_address>0xffe6</load_address>
         <run_address>0xffe6</run_address>
         <size>0x2</size>
         <input_file_ref idref="fl-8e"/>
      </object_component>
      <object_component id="oc-79">
         <name>.int52</name>
         <load_address>0xffe8</load_address>
         <run_address>0xffe8</run_address>
         <size>0x2</size>
         <input_file_ref idref="fl-8f"/>
      </object_component>
      <object_component id="oc-7a">
         <name>.int53</name>
         <load_address>0xffea</load_address>
         <run_address>0xffea</run_address>
         <size>0x2</size>
         <input_file_ref idref="fl-38"/>
      </object_component>
      <object_component id="oc-7b">
         <name>.int54</name>
         <load_address>0xffec</load_address>
         <run_address>0xffec</run_address>
         <size>0x2</size>
         <input_file_ref idref="fl-90"/>
      </object_component>
      <object_component id="oc-7c">
         <name>.int55</name>
         <load_address>0xffee</load_address>
         <run_address>0xffee</run_address>
         <size>0x2</size>
         <input_file_ref idref="fl-91"/>
      </object_component>
      <object_component id="oc-7d">
         <name>.int56</name>
         <load_address>0xfff0</load_address>
         <run_address>0xfff0</run_address>
         <size>0x2</size>
         <input_file_ref idref="fl-92"/>
      </object_component>
      <object_component id="oc-7e">
         <name>.int57</name>
         <load_address>0xfff2</load_address>
         <run_address>0xfff2</run_address>
         <size>0x2</size>
         <input_file_ref idref="fl-93"/>
      </object_component>
      <object_component id="oc-7f">
         <name>.int58</name>
         <load_address>0xfff4</load_address>
         <run_address>0xfff4</run_address>
         <size>0x2</size>
         <input_file_ref idref="fl-94"/>
      </object_component>
      <object_component id="oc-80">
         <name>.int59</name>
         <load_address>0xfff6</load_address>
         <run_address>0xfff6</run_address>
         <size>0x2</size>
         <input_file_ref idref="fl-95"/>
      </object_component>
      <object_component id="oc-81">
         <name>.int60</name>
         <load_address>0xfff8</load_address>
         <run_address>0xfff8</run_address>
         <size>0x2</size>
         <input_file_ref idref="fl-96"/>
      </object_component>
      <object_component id="oc-82">
         <name>.int61</name>
         <load_address>0xfffa</load_address>
         <run_address>0xfffa</run_address>
         <size>0x2</size>
         <input_file_ref idref="fl-97"/>
      </object_component>
      <object_component id="oc-83">
         <name>.int62</name>
         <load_address>0xfffc</load_address>
         <run_address>0xfffc</run_address>
         <size>0x2</size>
         <input_file_ref idref="fl-98"/>
      </object_component>
      <object_component id="oc-95">
         <name>.reset</name>
         <load_address>0xfffe</load_address>
         <run_address>0xfffe</run_address>
         <size>0x2</size>
         <input_file_ref idref="fl-6d"/>
      </object_component>
      <object_component id="oc-22d">
         <name>.common:tmp</name>
         <uninitialized>true</uninitialized>
         <run_address>0x2449</run_address>
         <size>0x1</size>
      </object_component>
      <object_component id="oc-181">
         <name>.common:data_OUT</name>
         <uninitialized>true</uninitialized>
         <run_address>0x2420</run_address>
         <size>0x20</size>
      </object_component>
      <object_component id="oc-108">
         <name>.common:data_IN</name>
         <uninitialized>true</uninitialized>
         <run_address>0x2400</run_address>
         <size>0x20</size>
      </object_component>
      <object_component id="oc-180">
         <name>.common:nRF_IRQ_flag</name>
         <uninitialized>true</uninitialized>
         <run_address>0x2448</run_address>
         <size>0x1</size>
      </object_component>
      <object_component id="oc-167">
         <name>.common:data_IN_EMG</name>
         <uninitialized>true</uninitialized>
         <run_address>0x2440</run_address>
         <size>0x8</size>
      </object_component>
      <object_component id="oc-e4">
         <name>.data</name>
         <load_address>0x244a</load_address>
         <run_address>0x244a</run_address>
         <size>0x2f</size>
         <input_file_ref idref="fl-38"/>
      </object_component>
      <object_component id="oc-225">
         <name>.data</name>
         <load_address>0x247a</load_address>
         <run_address>0x247a</run_address>
         <size>0x2</size>
         <input_file_ref idref="fl-3b"/>
      </object_component>
      <object_component id="oc-73">
         <name>.debug_aranges</name>
         <load_address>0x0</load_address>
         <run_address>0x0</run_address>
         <size>0x20</size>
         <input_file_ref idref="fl-6d"/>
      </object_component>
      <object_component id="oc-86">
         <name>.debug_aranges</name>
         <load_address>0x20</load_address>
         <run_address>0x20</run_address>
         <size>0x20</size>
         <input_file_ref idref="fl-6f"/>
      </object_component>
      <object_component id="oc-8a">
         <name>.debug_aranges</name>
         <load_address>0x40</load_address>
         <run_address>0x40</run_address>
         <size>0x20</size>
         <input_file_ref idref="fl-71"/>
      </object_component>
      <object_component id="oc-91">
         <name>.debug_aranges</name>
         <load_address>0x60</load_address>
         <run_address>0x60</run_address>
         <size>0x20</size>
         <input_file_ref idref="fl-70"/>
      </object_component>
      <object_component id="oc-97">
         <name>.debug_aranges</name>
         <load_address>0x80</load_address>
         <run_address>0x80</run_address>
         <size>0x20</size>
         <input_file_ref idref="fl-99"/>
      </object_component>
      <object_component id="oc-9e">
         <name>.debug_aranges</name>
         <load_address>0xa0</load_address>
         <run_address>0xa0</run_address>
         <size>0x20</size>
         <input_file_ref idref="fl-38"/>
      </object_component>
      <object_component id="oc-a3">
         <name>.debug_aranges</name>
         <load_address>0xc0</load_address>
         <run_address>0xc0</run_address>
         <size>0x20</size>
         <input_file_ref idref="fl-38"/>
      </object_component>
      <object_component id="oc-a5">
         <name>.debug_aranges</name>
         <load_address>0xe0</load_address>
         <run_address>0xe0</run_address>
         <size>0x20</size>
         <input_file_ref idref="fl-a2"/>
      </object_component>
      <object_component id="oc-ad">
         <name>.debug_aranges</name>
         <load_address>0x100</load_address>
         <run_address>0x100</run_address>
         <size>0x20</size>
         <input_file_ref idref="fl-aa"/>
      </object_component>
      <object_component id="oc-b2">
         <name>.debug_aranges</name>
         <load_address>0x120</load_address>
         <run_address>0x120</run_address>
         <size>0x20</size>
         <input_file_ref idref="fl-38"/>
      </object_component>
      <object_component id="oc-b7">
         <name>.debug_aranges</name>
         <load_address>0x140</load_address>
         <run_address>0x140</run_address>
         <size>0x20</size>
         <input_file_ref idref="fl-7a"/>
      </object_component>
      <object_component id="oc-bd">
         <name>.debug_aranges</name>
         <load_address>0x160</load_address>
         <run_address>0x160</run_address>
         <size>0x20</size>
         <input_file_ref idref="fl-38"/>
      </object_component>
      <object_component id="oc-bf">
         <name>.debug_aranges</name>
         <load_address>0x180</load_address>
         <run_address>0x180</run_address>
         <size>0x20</size>
         <input_file_ref idref="fl-72"/>
      </object_component>
      <object_component id="oc-d2">
         <name>.debug_aranges</name>
         <load_address>0x1a0</load_address>
         <run_address>0x1a0</run_address>
         <size>0x30</size>
         <input_file_ref idref="fl-70"/>
      </object_component>
      <object_component id="oc-ea">
         <name>.debug_aranges</name>
         <load_address>0x1d0</load_address>
         <run_address>0x1d0</run_address>
         <size>0x20</size>
         <input_file_ref idref="fl-3c"/>
      </object_component>
      <object_component id="oc-f1">
         <name>.debug_aranges</name>
         <load_address>0x1f0</load_address>
         <run_address>0x1f0</run_address>
         <size>0x20</size>
         <input_file_ref idref="fl-37"/>
      </object_component>
      <object_component id="oc-f7">
         <name>.debug_aranges</name>
         <load_address>0x210</load_address>
         <run_address>0x210</run_address>
         <size>0x20</size>
         <input_file_ref idref="fl-37"/>
      </object_component>
      <object_component id="oc-100">
         <name>.debug_aranges</name>
         <load_address>0x230</load_address>
         <run_address>0x230</run_address>
         <size>0x20</size>
         <input_file_ref idref="fl-83"/>
      </object_component>
      <object_component id="oc-10a">
         <name>.debug_aranges</name>
         <load_address>0x250</load_address>
         <run_address>0x250</run_address>
         <size>0x20</size>
         <input_file_ref idref="fl-82"/>
      </object_component>
      <object_component id="oc-111">
         <name>.debug_aranges</name>
         <load_address>0x270</load_address>
         <run_address>0x270</run_address>
         <size>0x20</size>
         <input_file_ref idref="fl-37"/>
      </object_component>
      <object_component id="oc-116">
         <name>.debug_aranges</name>
         <load_address>0x290</load_address>
         <run_address>0x290</run_address>
         <size>0x20</size>
         <input_file_ref idref="fl-36"/>
      </object_component>
      <object_component id="oc-124">
         <name>.debug_aranges</name>
         <load_address>0x2b0</load_address>
         <run_address>0x2b0</run_address>
         <size>0x20</size>
         <input_file_ref idref="fl-3a"/>
      </object_component>
      <object_component id="oc-129">
         <name>.debug_aranges</name>
         <load_address>0x2d0</load_address>
         <run_address>0x2d0</run_address>
         <size>0x20</size>
         <input_file_ref idref="fl-3a"/>
      </object_component>
      <object_component id="oc-12e">
         <name>.debug_aranges</name>
         <load_address>0x2f0</load_address>
         <run_address>0x2f0</run_address>
         <size>0x20</size>
         <input_file_ref idref="fl-3a"/>
      </object_component>
      <object_component id="oc-133">
         <name>.debug_aranges</name>
         <load_address>0x310</load_address>
         <run_address>0x310</run_address>
         <size>0x20</size>
         <input_file_ref idref="fl-3a"/>
      </object_component>
      <object_component id="oc-138">
         <name>.debug_aranges</name>
         <load_address>0x330</load_address>
         <run_address>0x330</run_address>
         <size>0x20</size>
         <input_file_ref idref="fl-36"/>
      </object_component>
      <object_component id="oc-13d">
         <name>.debug_aranges</name>
         <load_address>0x350</load_address>
         <run_address>0x350</run_address>
         <size>0x20</size>
         <input_file_ref idref="fl-36"/>
      </object_component>
      <object_component id="oc-142">
         <name>.debug_aranges</name>
         <load_address>0x370</load_address>
         <run_address>0x370</run_address>
         <size>0x20</size>
         <input_file_ref idref="fl-39"/>
      </object_component>
      <object_component id="oc-147">
         <name>.debug_aranges</name>
         <load_address>0x390</load_address>
         <run_address>0x390</run_address>
         <size>0x20</size>
         <input_file_ref idref="fl-39"/>
      </object_component>
      <object_component id="oc-14c">
         <name>.debug_aranges</name>
         <load_address>0x3b0</load_address>
         <run_address>0x3b0</run_address>
         <size>0x20</size>
         <input_file_ref idref="fl-39"/>
      </object_component>
      <object_component id="oc-151">
         <name>.debug_aranges</name>
         <load_address>0x3d0</load_address>
         <run_address>0x3d0</run_address>
         <size>0x20</size>
         <input_file_ref idref="fl-39"/>
      </object_component>
      <object_component id="oc-156">
         <name>.debug_aranges</name>
         <load_address>0x3f0</load_address>
         <run_address>0x3f0</run_address>
         <size>0x20</size>
         <input_file_ref idref="fl-3c"/>
      </object_component>
      <object_component id="oc-15b">
         <name>.debug_aranges</name>
         <load_address>0x410</load_address>
         <run_address>0x410</run_address>
         <size>0x20</size>
         <input_file_ref idref="fl-3c"/>
      </object_component>
      <object_component id="oc-160">
         <name>.debug_aranges</name>
         <load_address>0x430</load_address>
         <run_address>0x430</run_address>
         <size>0x20</size>
         <input_file_ref idref="fl-3a"/>
      </object_component>
      <object_component id="oc-16c">
         <name>.debug_aranges</name>
         <load_address>0x450</load_address>
         <run_address>0x450</run_address>
         <size>0x20</size>
         <input_file_ref idref="fl-7d"/>
      </object_component>
      <object_component id="oc-16f">
         <name>.debug_aranges</name>
         <load_address>0x470</load_address>
         <run_address>0x470</run_address>
         <size>0x20</size>
         <input_file_ref idref="fl-79"/>
      </object_component>
      <object_component id="oc-173">
         <name>.debug_aranges</name>
         <load_address>0x490</load_address>
         <run_address>0x490</run_address>
         <size>0x20</size>
         <input_file_ref idref="fl-7b"/>
      </object_component>
      <object_component id="oc-17e">
         <name>.debug_aranges</name>
         <load_address>0x4b0</load_address>
         <run_address>0x4b0</run_address>
         <size>0x20</size>
         <input_file_ref idref="fl-37"/>
      </object_component>
      <object_component id="oc-186">
         <name>.debug_aranges</name>
         <load_address>0x4d0</load_address>
         <run_address>0x4d0</run_address>
         <size>0x20</size>
         <input_file_ref idref="fl-3b"/>
      </object_component>
      <object_component id="oc-19d">
         <name>.debug_aranges</name>
         <load_address>0x4f0</load_address>
         <run_address>0x4f0</run_address>
         <size>0x20</size>
         <input_file_ref idref="fl-3c"/>
      </object_component>
      <object_component id="oc-1a2">
         <name>.debug_aranges</name>
         <load_address>0x510</load_address>
         <run_address>0x510</run_address>
         <size>0x20</size>
         <input_file_ref idref="fl-3c"/>
      </object_component>
      <object_component id="oc-1af">
         <name>.debug_aranges</name>
         <load_address>0x530</load_address>
         <run_address>0x530</run_address>
         <size>0x20</size>
         <input_file_ref idref="fl-37"/>
      </object_component>
      <object_component id="oc-1ba">
         <name>.debug_aranges</name>
         <load_address>0x550</load_address>
         <run_address>0x550</run_address>
         <size>0x20</size>
         <input_file_ref idref="fl-37"/>
      </object_component>
      <object_component id="oc-1c8">
         <name>.debug_aranges</name>
         <load_address>0x570</load_address>
         <run_address>0x570</run_address>
         <size>0x20</size>
         <input_file_ref idref="fl-24"/>
      </object_component>
      <object_component id="oc-1ce">
         <name>.debug_aranges</name>
         <load_address>0x590</load_address>
         <run_address>0x590</run_address>
         <size>0x20</size>
         <input_file_ref idref="fl-20"/>
      </object_component>
      <object_component id="oc-1d3">
         <name>.debug_aranges</name>
         <load_address>0x5b0</load_address>
         <run_address>0x5b0</run_address>
         <size>0x20</size>
         <input_file_ref idref="fl-12"/>
      </object_component>
      <object_component id="oc-1d8">
         <name>.debug_aranges</name>
         <load_address>0x5d0</load_address>
         <run_address>0x5d0</run_address>
         <size>0x20</size>
         <input_file_ref idref="fl-12"/>
      </object_component>
      <object_component id="oc-1e5">
         <name>.debug_aranges</name>
         <load_address>0x5f0</load_address>
         <run_address>0x5f0</run_address>
         <size>0x20</size>
         <input_file_ref idref="fl-24"/>
      </object_component>
      <object_component id="oc-1ec">
         <name>.debug_aranges</name>
         <load_address>0x610</load_address>
         <run_address>0x610</run_address>
         <size>0x20</size>
         <input_file_ref idref="fl-24"/>
      </object_component>
      <object_component id="oc-1f1">
         <name>.debug_aranges</name>
         <load_address>0x630</load_address>
         <run_address>0x630</run_address>
         <size>0x20</size>
         <input_file_ref idref="fl-39"/>
      </object_component>
      <object_component id="oc-1f7">
         <name>.debug_aranges</name>
         <load_address>0x650</load_address>
         <run_address>0x650</run_address>
         <size>0x20</size>
         <input_file_ref idref="fl-24"/>
      </object_component>
      <object_component id="oc-1fc">
         <name>.debug_aranges</name>
         <load_address>0x670</load_address>
         <run_address>0x670</run_address>
         <size>0x20</size>
         <input_file_ref idref="fl-24"/>
      </object_component>
      <object_component id="oc-201">
         <name>.debug_aranges</name>
         <load_address>0x690</load_address>
         <run_address>0x690</run_address>
         <size>0x20</size>
         <input_file_ref idref="fl-24"/>
      </object_component>
      <object_component id="oc-206">
         <name>.debug_aranges</name>
         <load_address>0x6b0</load_address>
         <run_address>0x6b0</run_address>
         <size>0x20</size>
         <input_file_ref idref="fl-24"/>
      </object_component>
      <object_component id="oc-20e">
         <name>.debug_aranges</name>
         <load_address>0x6d0</load_address>
         <run_address>0x6d0</run_address>
         <size>0x20</size>
         <input_file_ref idref="fl-7e"/>
      </object_component>
      <object_component id="oc-213">
         <name>.debug_aranges</name>
         <load_address>0x6f0</load_address>
         <run_address>0x6f0</run_address>
         <size>0x28</size>
         <input_file_ref idref="fl-80"/>
      </object_component>
      <object_component id="oc-221">
         <name>.debug_aranges</name>
         <load_address>0x718</load_address>
         <run_address>0x718</run_address>
         <size>0x20</size>
         <input_file_ref idref="fl-7c"/>
      </object_component>
      <object_component id="oc-238">
         <name>.debug_aranges</name>
         <load_address>0x738</load_address>
         <run_address>0x738</run_address>
         <size>0x20</size>
         <input_file_ref idref="fl-24"/>
      </object_component>
      <object_component id="oc-23e">
         <name>.debug_aranges</name>
         <load_address>0x758</load_address>
         <run_address>0x758</run_address>
         <size>0x20</size>
         <input_file_ref idref="fl-20"/>
      </object_component>
      <object_component id="oc-243">
         <name>.debug_aranges</name>
         <load_address>0x778</load_address>
         <run_address>0x778</run_address>
         <size>0x20</size>
         <input_file_ref idref="fl-20"/>
      </object_component>
      <object_component id="oc-24f">
         <name>.debug_aranges</name>
         <load_address>0x798</load_address>
         <run_address>0x798</run_address>
         <size>0x20</size>
         <input_file_ref idref="fl-12"/>
      </object_component>
      <object_component id="oc-25a">
         <name>.debug_aranges</name>
         <load_address>0x7b8</load_address>
         <run_address>0x7b8</run_address>
         <size>0x20</size>
         <input_file_ref idref="fl-e"/>
      </object_component>
      <object_component id="oc-25f">
         <name>.debug_aranges</name>
         <load_address>0x7d8</load_address>
         <run_address>0x7d8</run_address>
         <size>0x20</size>
         <input_file_ref idref="fl-e"/>
      </object_component>
      <object_component id="oc-266">
         <name>.debug_aranges</name>
         <load_address>0x7f8</load_address>
         <run_address>0x7f8</run_address>
         <size>0x20</size>
         <input_file_ref idref="fl-9b"/>
      </object_component>
      <object_component id="oc-26b">
         <name>.debug_aranges</name>
         <load_address>0x818</load_address>
         <run_address>0x818</run_address>
         <size>0x20</size>
         <input_file_ref idref="fl-9c"/>
      </object_component>
      <object_component id="oc-272">
         <name>.debug_aranges</name>
         <load_address>0x838</load_address>
         <run_address>0x838</run_address>
         <size>0x20</size>
         <input_file_ref idref="fl-a0"/>
      </object_component>
      <object_component id="oc-277">
         <name>.debug_aranges</name>
         <load_address>0x858</load_address>
         <run_address>0x858</run_address>
         <size>0x20</size>
         <input_file_ref idref="fl-a9"/>
      </object_component>
      <object_component id="oc-27a">
         <name>.debug_aranges</name>
         <load_address>0x878</load_address>
         <run_address>0x878</run_address>
         <size>0x20</size>
         <input_file_ref idref="fl-9f"/>
      </object_component>
      <object_component id="oc-282">
         <name>.debug_aranges</name>
         <load_address>0x898</load_address>
         <run_address>0x898</run_address>
         <size>0x20</size>
         <input_file_ref idref="fl-9c"/>
      </object_component>
      <object_component id="oc-74">
         <name>.debug_line</name>
         <load_address>0x0</load_address>
         <run_address>0x0</run_address>
         <size>0x44</size>
         <input_file_ref idref="fl-6d"/>
      </object_component>
      <object_component id="oc-88">
         <name>.debug_line</name>
         <load_address>0x44</load_address>
         <run_address>0x44</run_address>
         <size>0x50</size>
         <input_file_ref idref="fl-6f"/>
      </object_component>
      <object_component id="oc-8d">
         <name>.debug_line</name>
         <load_address>0x94</load_address>
         <run_address>0x94</run_address>
         <size>0x4d</size>
         <input_file_ref idref="fl-71"/>
      </object_component>
      <object_component id="oc-92">
         <name>.debug_line</name>
         <load_address>0xe1</load_address>
         <run_address>0xe1</run_address>
         <size>0x4c</size>
         <input_file_ref idref="fl-70"/>
      </object_component>
      <object_component id="oc-98">
         <name>.debug_line</name>
         <load_address>0x12d</load_address>
         <run_address>0x12d</run_address>
         <size>0x3c</size>
         <input_file_ref idref="fl-99"/>
      </object_component>
      <object_component id="oc-9c">
         <name>.debug_line</name>
         <load_address>0x169</load_address>
         <run_address>0x169</run_address>
         <size>0x7f</size>
         <input_file_ref idref="fl-38"/>
      </object_component>
      <object_component id="oc-a1">
         <name>.debug_line</name>
         <load_address>0x1e8</load_address>
         <run_address>0x1e8</run_address>
         <size>0x68</size>
         <input_file_ref idref="fl-38"/>
      </object_component>
      <object_component id="oc-a7">
         <name>.debug_line</name>
         <load_address>0x250</load_address>
         <run_address>0x250</run_address>
         <size>0x3e</size>
         <input_file_ref idref="fl-a2"/>
      </object_component>
      <object_component id="oc-ac">
         <name>.debug_line</name>
         <load_address>0x28e</load_address>
         <run_address>0x28e</run_address>
         <size>0x71</size>
         <input_file_ref idref="fl-aa"/>
      </object_component>
      <object_component id="oc-b0">
         <name>.debug_line</name>
         <load_address>0x2ff</load_address>
         <run_address>0x2ff</run_address>
         <size>0x96</size>
         <input_file_ref idref="fl-38"/>
      </object_component>
      <object_component id="oc-b5">
         <name>.debug_line</name>
         <load_address>0x395</load_address>
         <run_address>0x395</run_address>
         <size>0x3a</size>
         <input_file_ref idref="fl-7a"/>
      </object_component>
      <object_component id="oc-bb">
         <name>.debug_line</name>
         <load_address>0x3cf</load_address>
         <run_address>0x3cf</run_address>
         <size>0x46</size>
         <input_file_ref idref="fl-38"/>
      </object_component>
      <object_component id="oc-c0">
         <name>.debug_line</name>
         <load_address>0x415</load_address>
         <run_address>0x415</run_address>
         <size>0x52</size>
         <input_file_ref idref="fl-72"/>
      </object_component>
      <object_component id="oc-c5">
         <name>.debug_line</name>
         <load_address>0x467</load_address>
         <run_address>0x467</run_address>
         <size>0x3a</size>
         <input_file_ref idref="fl-6f"/>
      </object_component>
      <object_component id="oc-cc">
         <name>.debug_line</name>
         <load_address>0x4a1</load_address>
         <run_address>0x4a1</run_address>
         <size>0x34</size>
         <input_file_ref idref="fl-71"/>
      </object_component>
      <object_component id="oc-d3">
         <name>.debug_line</name>
         <load_address>0x4d5</load_address>
         <run_address>0x4d5</run_address>
         <size>0x88</size>
         <input_file_ref idref="fl-70"/>
      </object_component>
      <object_component id="oc-d9">
         <name>.debug_line</name>
         <load_address>0x55d</load_address>
         <run_address>0x55d</run_address>
         <size>0x39</size>
         <input_file_ref idref="fl-70"/>
      </object_component>
      <object_component id="oc-dd">
         <name>.debug_line</name>
         <load_address>0x596</load_address>
         <run_address>0x596</run_address>
         <size>0x2a</size>
         <input_file_ref idref="fl-6d"/>
      </object_component>
      <object_component id="oc-e0">
         <name>.debug_line</name>
         <load_address>0x5c0</load_address>
         <run_address>0x5c0</run_address>
         <size>0x20</size>
         <input_file_ref idref="fl-2"/>
      </object_component>
      <object_component id="oc-e8">
         <name>.debug_line</name>
         <load_address>0x5e0</load_address>
         <run_address>0x5e0</run_address>
         <size>0x6a</size>
         <input_file_ref idref="fl-3c"/>
      </object_component>
      <object_component id="oc-ef">
         <name>.debug_line</name>
         <load_address>0x64a</load_address>
         <run_address>0x64a</run_address>
         <size>0x49</size>
         <input_file_ref idref="fl-37"/>
      </object_component>
      <object_component id="oc-f5">
         <name>.debug_line</name>
         <load_address>0x693</load_address>
         <run_address>0x693</run_address>
         <size>0x55</size>
         <input_file_ref idref="fl-37"/>
      </object_component>
      <object_component id="oc-101">
         <name>.debug_line</name>
         <load_address>0x6e8</load_address>
         <run_address>0x6e8</run_address>
         <size>0x55</size>
         <input_file_ref idref="fl-83"/>
      </object_component>
      <object_component id="oc-10b">
         <name>.debug_line</name>
         <load_address>0x73d</load_address>
         <run_address>0x73d</run_address>
         <size>0x7c</size>
         <input_file_ref idref="fl-82"/>
[...]
         <object_component_ref idref="oc-e4"/>
      </symbol>
      <symbol id="sm-501">
         <name>port_yaw_mag</name>
         <value>0x245c</value>
         <object_component_ref idref="oc-e4"/>
      </symbol>
      <symbol id="sm-502">
         <name>nRF_status</name>
         <value>0x2465</value>
         <object_component_ref idref="oc-e4"/>
      </symbol>
      <symbol id="sm-503">
         <name>no_base_station</name>
         <value>0x246c</value>
         <object_component_ref idref="oc-e4"/>
      </symbol>
      <symbol id="sm-504">
         <name>main</name>
         <value>0x10676</value>
         <object_component_ref idref="oc-ae"/>
      </symbol>
      <symbol id="sm-505">
         <name>FREQ</name>
         <value>0x244e</value>
         <object_component_ref idref="oc-e4"/>
      </symbol>
      <symbol id="sm-506">
         <name>SEND</name>
         <value>0x2478</value>
         <object_component_ref idref="oc-e4"/>
      </symbol>
      <symbol id="sm-507">
         <name>port_gyro</name>
         <value>0x2458</value>
         <object_component_ref idref="oc-e4"/>
      </symbol>
      <symbol id="sm-508">
         <name>PACKET_NUMBER</name>
         <value>0x246a</value>
         <object_component_ref idref="oc-e4"/>
      </symbol>
      <symbol id="sm-509">
         <name>EOF_EMG</name>
         <value>0x2473</value>
         <object_component_ref idref="oc-e4"/>
      </symbol>
      <symbol id="sm-50a">
         <name>wakeup</name>
         <value>0x2450</value>
         <object_component_ref idref="oc-e4"/>
      </symbol>
      <symbol id="sm-50b">
         <name>enable_filter_yaw</name>
         <value>0x2452</value>
         <object_component_ref idref="oc-e4"/>
      </symbol>
      <symbol id="sm-50c">
         <name>port_yaw_gyr</name>
         <value>0x2460</value>
         <object_component_ref idref="oc-e4"/>
      </symbol>
      <symbol id="sm-50d">
         <name>NODE_ID</name>
         <value>0x246e</value>
         <object_component_ref idref="oc-e4"/>
      </symbol>
      <symbol id="sm-50e">
         <name>index_EMG</name>
         <value>0x2470</value>
         <object_component_ref idref="oc-e4"/>
      </symbol>
      <symbol id="sm-534">
         <name>startG</name>
         <value>0x113c4</value>
         <object_component_ref idref="oc-143"/>
      </symbol>
      <symbol id="sm-535">
         <name>init_SPI_IMU</name>
         <value>0x118f6</value>
         <object_component_ref idref="oc-13e"/>
      </symbol>
      <symbol id="sm-536">
         <name>write_IMU</name>
         <value>0x114c0</value>
         <object_component_ref idref="oc-14d"/>
      </symbol>
      <symbol id="sm-537">
         <name>Send_by_SPIB0</name>
         <value>0x1136a</value>
         <object_component_ref idref="oc-1ed"/>
      </symbol>
      <symbol id="sm-538">
         <name>startXM</name>
         <value>0x1114e</value>
         <object_component_ref idref="oc-148"/>
      </symbol>
      <symbol id="sm-558">
         <name>init_TimerB0</name>
         <value>0x11ace</value>
         <object_component_ref idref="oc-15c"/>
      </symbol>
      <symbol id="sm-559">
         <name>init_Config_IO</name>
         <value>0x11aba</value>
         <object_component_ref idref="oc-120"/>
      </symbol>
      <symbol id="sm-55a">
         <name>init_Clock</name>
         <value>0x1177a</value>
         <object_component_ref idref="oc-125"/>
      </symbol>
      <symbol id="sm-55b">
         <name>init_UCA1_UART</name>
         <value>0x119a4</value>
         <object_component_ref idref="oc-12a"/>
      </symbol>
      <symbol id="sm-55c">
         <name>init_SPI_nRF</name>
         <value>0x1146e</value>
         <object_component_ref idref="oc-12f"/>
      </symbol>
      <symbol id="sm-56d">
         <name>i</name>
         <value>0x247a</value>
         <object_component_ref idref="oc-225"/>
      </symbol>
      <symbol id="sm-56e">
         <name>send_data_UART</name>
         <value>0x119f2</value>
         <object_component_ref idref="oc-182"/>
      </symbol>
      <symbol id="sm-5a1">
         <name>set_AFE</name>
         <value>0x11926</value>
         <object_component_ref idref="oc-157"/>
      </symbol>
      <symbol id="sm-5a2">
         <name>AFE_reg_write</name>
         <value>0x11954</value>
         <object_component_ref idref="oc-19e"/>
      </symbol>
      <symbol id="sm-5a3">
         <name>config_AFE</name>
         <value>0x107e4</value>
         <object_component_ref idref="oc-e6"/>
      </symbol>
      <symbol id="sm-5a4">
         <name>init_AFE</name>
         <value>0x10f34</value>
         <object_component_ref idref="oc-152"/>
      </symbol>
      <symbol id="sm-5a5">
         <name>write_OPCODE</name>
         <value>0x11a7c</value>
         <object_component_ref idref="oc-199"/>
      </symbol>
      <symbol id="sm-5ba">
         <name>_c_int00_noexit</name>
         <value>0x4618</value>
         <object_component_ref idref="oc-72"/>
      </symbol>
      <symbol id="sm-5bb">
         <name>_c_int00</name>
         <value>0x4618</value>
         <object_component_ref idref="oc-72"/>
      </symbol>
      <symbol id="sm-5bc">
         <name>_stack</name>
         <value>0x4360</value>
         <object_component_ref idref="oc-93"/>
      </symbol>
      <symbol id="sm-5bd">
         <name>_reset_vector</name>
         <value>0xfffe</value>
         <object_component_ref idref="oc-95"/>
      </symbol>
      <symbol id="sm-5ce">
         <name>__TI_decompress_none</name>
         <value>0x11704</value>
         <object_component_ref idref="oc-84"/>
      </symbol>
      <symbol id="sm-5f0">
         <name>__TI_decompress_rle24</name>
         <value>0x11aa0</value>
         <object_component_ref idref="oc-8e"/>
      </symbol>
      <symbol id="sm-602">
         <name>__TI_zero_init</name>
         <value>0x115ce</value>
         <object_component_ref idref="oc-89"/>
      </symbol>
      <symbol id="sm-60c">
         <name>__memcpy_far</name>
         <value>0x1158e</value>
         <object_component_ref idref="oc-be"/>
      </symbol>
      <symbol id="sm-632">
         <name>__mspabi_divd</name>
         <value>0x10456</value>
         <object_component_ref idref="oc-16d"/>
      </symbol>
      <symbol id="sm-63b">
         <name>C$$EXIT</name>
         <value>0x11ae6</value>
         <object_component_ref idref="oc-b3"/>
      </symbol>
      <symbol id="sm-63c">
         <name>abort</name>
         <value>0x11ae6</value>
         <object_component_ref idref="oc-b3"/>
      </symbol>
      <symbol id="sm-64b">
         <name>__mspabi_fixdi</name>
         <value>0x1197c</value>
         <object_component_ref idref="oc-172"/>
      </symbol>
      <symbol id="sm-65c">
         <name>__mspabi_fixdli</name>
         <value>0x11304</value>
         <object_component_ref idref="oc-21d"/>
      </symbol>
      <symbol id="sm-667">
         <name>__mspabi_fltid</name>
         <value>0x11aae</value>
         <object_component_ref idref="oc-168"/>
      </symbol>
      <symbol id="sm-67e">
         <name>__mspabi_fltlid</name>
         <value>0x10d82</value>
         <object_component_ref idref="oc-20a"/>
      </symbol>
      <symbol id="sm-699">
         <name>__TI_frcdivd</name>
         <value>0x10000</value>
         <object_component_ref idref="oc-211"/>
      </symbol>
      <symbol id="sm-6ab">
         <name>__mspabi_divf</name>
         <value>0x10ea6</value>
         <object_component_ref idref="oc-109"/>
      </symbol>
      <symbol id="sm-6b7">
         <name>__mspabi_fltif</name>
         <value>0x1185c</value>
         <object_component_ref idref="oc-ff"/>
      </symbol>
      <symbol id="sm-6bc">
         <name>__TI_int41</name>
         <value>0xffd2</value>
         <object_component_ref idref="oc-69"/>
      </symbol>
      <symbol id="sm-6bf">
         <name>__TI_int43</name>
         <value>0xffd6</value>
         <object_component_ref idref="oc-6b"/>
      </symbol>
      <symbol id="sm-6c2">
         <name>__TI_int44</name>
         <value>0xffd8</value>
         <object_component_ref idref="oc-6c"/>
      </symbol>
      <symbol id="sm-6c5">
         <name>__TI_int45</name>
         <value>0xffda</value>
         <object_component_ref idref="oc-6d"/>
      </symbol>
      <symbol id="sm-6c8">
         <name>__TI_int46</name>
         <value>0xffdc</value>
         <object_component_ref idref="oc-6e"/>
      </symbol>
      <symbol id="sm-6cb">
         <name>__TI_int48</name>
         <value>0xffe0</value>
         <object_component_ref idref="oc-70"/>
      </symbol>
      <symbol id="sm-6ce">
         <name>__TI_int49</name>
         <value>0xffe2</value>
         <object_component_ref idref="oc-71"/>
      </symbol>
      <symbol id="sm-6d1">
         <name>__TI_int50</name>
         <value>0xffe4</value>
         <object_component_ref idref="oc-77"/>
      </symbol>
      <symbol id="sm-6d4">
         <name>__TI_int51</name>
         <value>0xffe6</value>
         <object_component_ref idref="oc-78"/>
      </symbol>
      <symbol id="sm-6d7">
         <name>__TI_int52</name>
         <value>0xffe8</value>
         <object_component_ref idref="oc-79"/>
      </symbol>
      <symbol id="sm-6da">
         <name>__TI_int54</name>
         <value>0xffec</value>
         <object_component_ref idref="oc-7b"/>
      </symbol>
      <symbol id="sm-6dd">
         <name>__TI_int55</name>
         <value>0xffee</value>
         <object_component_ref idref="oc-7c"/>
      </symbol>
      <symbol id="sm-6e0">
         <name>__TI_int56</name>
         <value>0xfff0</value>
         <object_component_ref idref="oc-7d"/>
      </symbol>
      <symbol id="sm-6e3">
         <name>__TI_int57</name>
         <value>0xfff2</value>
         <object_component_ref idref="oc-7e"/>
      </symbol>
      <symbol id="sm-6e6">
         <name>__TI_int58</name>
         <value>0xfff4</value>
         <object_component_ref idref="oc-7f"/>
      </symbol>
      <symbol id="sm-6e9">
         <name>__TI_int59</name>
         <value>0xfff6</value>
         <object_component_ref idref="oc-80"/>
      </symbol>
      <symbol id="sm-6ec">
         <name>__TI_int60</name>
         <value>0xfff8</value>
         <object_component_ref idref="oc-81"/>
      </symbol>
      <symbol id="sm-6ef">
         <name>__TI_int61</name>
         <value>0xfffa</value>
         <object_component_ref idref="oc-82"/>
      </symbol>
      <symbol id="sm-6f2">
         <name>__TI_int62</name>
         <value>0xfffc</value>
         <object_component_ref idref="oc-83"/>
      </symbol>
      <symbol id="sm-6f9">
         <name>__TI_ISR_TRAP</name>
         <value>0x11adc</value>
         <object_component_ref idref="oc-96"/>
      </symbol>
      <symbol id="sm-701">
         <name>__mspabi_slll_9</name>
         <value>0x11662</value>
         <object_component_ref idref="oc-265"/>
      </symbol>
      <symbol id="sm-702">
         <name>__mspabi_slll_8</name>
         <value>0x11666</value>
         <object_component_ref idref="oc-265"/>
      </symbol>
      <symbol id="sm-703">
         <name>__mspabi_slll_7</name>
         <value>0x1166a</value>
         <object_component_ref idref="oc-265"/>
      </symbol>
      <symbol id="sm-704">
         <name>__mspabi_slll_6</name>
         <value>0x1166e</value>
         <object_component_ref idref="oc-265"/>
      </symbol>
      <symbol id="sm-705">
         <name>__mspabi_slll_5</name>
         <value>0x11672</value>
         <object_component_ref idref="oc-265"/>
      </symbol>
      <symbol id="sm-706">
         <name>__mspabi_slll_4</name>
         <value>0x11676</value>
         <object_component_ref idref="oc-265"/>
      </symbol>
      <symbol id="sm-707">
         <name>__mspabi_slll_3</name>
         <value>0x1167a</value>
         <object_component_ref idref="oc-265"/>
      </symbol>
      <symbol id="sm-708">
         <name>__mspabi_slll_2</name>
         <value>0x1167e</value>
         <object_component_ref idref="oc-265"/>
      </symbol>
      <symbol id="sm-709">
         <name>__mspabi_slll_1</name>
         <value>0x11682</value>
         <object_component_ref idref="oc-265"/>
      </symbol>
      <symbol id="sm-70a">
         <name>__mspabi_slll_15</name>
         <value>0x1164a</value>
         <object_component_ref idref="oc-265"/>
      </symbol>
      <symbol id="sm-70b">
         <name>__mspabi_slll_14</name>
         <value>0x1164e</value>
         <object_component_ref idref="oc-265"/>
      </symbol>
      <symbol id="sm-70c">
         <name>__mspabi_slll_13</name>
         <value>0x11652</value>
         <object_component_ref idref="oc-265"/>
      </symbol>
      <symbol id="sm-70d">
         <name>__mspabi_slll_12</name>
         <value>0x11656</value>
         <object_component_ref idref="oc-265"/>
      </symbol>
      <symbol id="sm-70e">
         <name>__mspabi_slll_11</name>
         <value>0x1165a</value>
         <object_component_ref idref="oc-265"/>
      </symbol>
      <symbol id="sm-70f">
         <name>__mspabi_slll_10</name>
         <value>0x1165e</value>
         <object_component_ref idref="oc-265"/>
      </symbol>
      <symbol id="sm-71d">
         <name>__mspabi_srll_8</name>
         <value>0x116a4</value>
         <object_component_ref idref="oc-269"/>
      </symbol>
      <symbol id="sm-71e">
         <name>__mspabi_srll_9</name>
         <value>0x116a0</value>
         <object_component_ref idref="oc-269"/>
      </symbol>
      <symbol id="sm-71f">
         <name>__mspabi_srll_6</name>
         <value>0x116ac</value>
         <object_component_ref idref="oc-269"/>
      </symbol>
      <symbol id="sm-720">
         <name>__mspabi_srll_7</name>
         <value>0x116a8</value>
         <object_component_ref idref="oc-269"/>
      </symbol>
      <symbol id="sm-721">
         <name>__mspabi_srll_4</name>
         <value>0x116b4</value>
         <object_component_ref idref="oc-269"/>
      </symbol>
      <symbol id="sm-722">
         <name>__mspabi_srll_5</name>
         <value>0x116b0</value>
         <object_component_ref idref="oc-269"/>
      </symbol>
      <symbol id="sm-723">
         <name>__mspabi_srll_2</name>
         <value>0x116bc</value>
         <object_component_ref idref="oc-269"/>
      </symbol>
      <symbol id="sm-724">
         <name>__mspabi_srll_3</name>
         <value>0x116b8</value>
         <object_component_ref idref="oc-269"/>
      </symbol>
      <symbol id="sm-725">
         <name>__mspabi_srll_1</name>
         <value>0x116c0</value>
         <object_component_ref idref="oc-269"/>
      </symbol>
      <symbol id="sm-726">
         <name>__mspabi_srll_15</name>
         <value>0x11688</value>
         <object_component_ref idref="oc-269"/>
      </symbol>
      <symbol id="sm-727">
         <name>__mspabi_srll_14</name>
         <value>0x1168c</value>
         <object_component_ref idref="oc-269"/>
      </symbol>
      <symbol id="sm-728">
         <name>__mspabi_srll_13</name>
         <value>0x11690</value>
         <object_component_ref idref="oc-269"/>
      </symbol>
      <symbol id="sm-729">
         <name>__mspabi_srll_12</name>
         <value>0x11694</value>
         <object_component_ref idref="oc-269"/>
      </symbol>
      <symbol id="sm-72a">
         <name>__mspabi_srll_11</name>
         <value>0x11698</value>
         <object_component_ref idref="oc-269"/>
      </symbol>
      <symbol id="sm-72b">
         <name>__mspabi_srll_10</name>
         <value>0x1169c</value>
         <object_component_ref idref="oc-269"/>
      </symbol>
      <symbol id="sm-72c">
         <name>__mspabi_srll</name>
         <value>0x11a90</value>
         <object_component_ref idref="oc-281"/>
      </symbol>
      <symbol id="sm-735">
         <name>__mspabi_mpyi_f5hw</name>
         <value>0x11a66</value>
         <object_component_ref idref="oc-279"/>
      </symbol>
      <symbol id="sm-73c">
         <name>__mspabi_mpyl_f5hw</name>
         <value>0x11a18</value>
         <object_component_ref idref="oc-271"/>
      </symbol>
      <symbol id="sm-745">
         <name>_system_pre_init</name>
         <value>0x11ae2</value>
         <object_component_ref idref="oc-a4"/>
      </symbol>
      <symbol id="sm-752">
         <name>__mspabi_sral_15</name>
         <value>0x1160c</value>
         <object_component_ref idref="oc-275"/>
      </symbol>
      <symbol id="sm-753">
         <name>__mspabi_sral_14</name>
         <value>0x11610</value>
         <object_component_ref idref="oc-275"/>
      </symbol>
      <symbol id="sm-754">
         <name>__mspabi_sral_13</name>
         <value>0x11614</value>
         <object_component_ref idref="oc-275"/>
      </symbol>
      <symbol id="sm-755">
         <name>__mspabi_sral_12</name>
         <value>0x11618</value>
         <object_component_ref idref="oc-275"/>
      </symbol>
      <symbol id="sm-756">
         <name>__mspabi_sral_11</name>
         <value>0x1161c</value>
         <object_component_ref idref="oc-275"/>
      </symbol>
      <symbol id="sm-757">
         <name>__mspabi_sral_10</name>
         <value>0x11620</value>
         <object_component_ref idref="oc-275"/>
      </symbol>
      <symbol id="sm-758">
         <name>__mspabi_sral_8</name>
         <value>0x11628</value>
         <object_component_ref idref="oc-275"/>
      </symbol>
      <symbol id="sm-759">
         <name>__mspabi_sral_9</name>
         <value>0x11624</value>
         <object_component_ref idref="oc-275"/>
      </symbol>
      <symbol id="sm-75a">
         <name>__mspabi_sral_6</name>
         <value>0x11630</value>
         <object_component_ref idref="oc-275"/>
      </symbol>
      <symbol id="sm-75b">
         <name>__mspabi_sral_7</name>
         <value>0x1162c</value>
         <object_component_ref idref="oc-275"/>
      </symbol>
      <symbol id="sm-75c">
         <name>__mspabi_sral_4</name>
         <value>0x11638</value>
         <object_component_ref idref="oc-275"/>
      </symbol>
      <symbol id="sm-75d">
         <name>__mspabi_sral_5</name>
         <value>0x11634</value>
         <object_component_ref idref="oc-275"/>
      </symbol>
      <symbol id="sm-75e">
         <name>__mspabi_sral_2</name>
         <value>0x11640</value>
         <object_component_ref idref="oc-275"/>
      </symbol>
      <symbol id="sm-75f">
         <name>__mspabi_sral_3</name>
         <value>0x1163c</value>
         <object_component_ref idref="oc-275"/>
      </symbol>
      <symbol id="sm-760">
         <name>__mspabi_sral_1</name>
         <value>0x11644</value>
         <object_component_ref idref="oc-275"/>
      </symbol>
      <symbol id="sm-775">
         <name>_auto_init_hold_wdt</name>
         <value>0x1104c</value>
         <object_component_ref idref="oc-a9"/>
      </symbol>
      <symbol id="sm-777">
         <name>__TI_exit</name>
         <value>0x1</value>
      </symbol>
      <symbol id="sm-778">
         <name>__TI_args_main</name>
         <value>0x1</value>
      </symbol>
      <symbol id="sm-779">
         <name>__TI_INITARRAY_Base</name>
         <value>0x0</value>
      </symbol>
      <symbol id="sm-77a">
         <name>__TI_INITARRAY_Limit</name>
         <value>0x0</value>
      </symbol>
   </symbol_table>
   <title>Link successful</title>
</link_info>
